// Jest Snapshot v1, https://goo.gl/fbAQLP

exports[`Renders correctly 1`] = `
<div
  className="w-1/3  cursor-pointer "
  onClick={[Function]}
>
  <div
    className="flex flex-col shadow-me rounded-lg p-3"
  >
    <p />
    <p
      className="text-xs"
    >
      Стоимость
    </p>
    <p
      className="text-2xl"
    />
    <img
      className="mx-auto mt-1 object-cover object-center h-16"
    />
  </div>
</div>
`;
