// Jest Snapshot v1, https://goo.gl/fbAQLP

exports[`Renders correctly 1`] = `
<div
  className="container mx-auto relative pointer-events-none"
>
  <div
    className="flex flex-col"
  >
    <form
      className="max-w-[486px] w-full bg-white  mt-16 ml-24 rounded-xl shadow-lg pointer-events-auto"
      onSubmit={[Function]}
    >
      <div
        className="p-6 pb-0"
      >
        <div
          className="mt-1 relative"
        >
          <button
            aria-expanded={false}
            aria-haspopup={true}
            className="relative w-full bg-white border-b border-gray-300 pl-3 pr-10 py-2 text-left cursor-default focus:outline-none focus:ring-1 focus:ring-yellow-me focus:border-yellow-me sm:text-sm"
            disabled={false}
            id="headlessui-listbox-button-1"
            onClick={[Function]}
            onKeyDown={[Function]}
            onKeyUp={[Function]}
            placeholder="Откуда"
            type="button"
          >
            <span
              className="flex items-center"
            >
              <div
                className="flex-shrink-0 h-3 w-3 rounded-full bg-black"
              />
              <span
                className="ml-3 block truncate"
              >
                Откуда
              </span>
            </span>
            <span
              className="ml-3 absolute inset-y-0 right-0 flex items-center pr-2 pointer-events-none divide-x-2"
            >
              <svg
                aria-hidden="true"
                className="h-5 w-5 text-gray-400 mr-1"
                fill="currentColor"
                viewBox="0 0 20 20"
                xmlns="http://www.w3.org/2000/svg"
              >
                <path
                  clipRule="evenodd"
                  d="M4.293 4.293a1 1 0 011.414 0L10 8.586l4.293-4.293a1 1 0 111.414 1.414L11.414 10l4.293 4.293a1 1 0 01-1.414 1.414L10 11.414l-4.293 4.293a1 1 0 01-1.414-1.414L8.586 10 4.293 5.707a1 1 0 010-1.414z"
                  fillRule="evenodd"
                />
              </svg>
              <svg
                aria-hidden="true"
                className="h-8 w-8 text-gray-400"
                fill="currentColor"
                viewBox="0 0 20 20"
                xmlns="http://www.w3.org/2000/svg"
              >
                <path
                  clipRule="evenodd"
                  d="M5.293 7.293a1 1 0 011.414 0L10 10.586l3.293-3.293a1 1 0 111.414 1.414l-4 4a1 1 0 01-1.414 0l-4-4a1 1 0 010-1.414z"
                  fillRule="evenodd"
                />
              </svg>
            </span>
          </button>
        </div>
        <div
          className="mt-1 relative"
        >
          <button
            aria-expanded={false}
            aria-haspopup={true}
            className="relative w-full bg-white border-b border-gray-300 pl-3 pr-10 py-2 text-left cursor-default focus:outline-none focus:ring-1 focus:ring-yellow-me focus:border-yellow-me sm:text-sm"
            disabled={false}
            id="headlessui-listbox-button-2"
            onClick={[Function]}
            onKeyDown={[Function]}
            onKeyUp={[Function]}
            placeholder="Куда"
            type="button"
          >
            <span
              className="flex items-center"
            >
              <div
                className="flex-shrink-0 h-3 w-3 rounded-full bg-black"
              />
              <span
                className="ml-3 block truncate"
              >
                Куда
              </span>
            </span>
            <span
              className="ml-3 absolute inset-y-0 right-0 flex items-center pr-2 pointer-events-none divide-x-2"
            >
              <svg
                aria-hidden="true"
                className="h-5 w-5 text-gray-400 mr-1"
                fill="currentColor"
                viewBox="0 0 20 20"
                xmlns="http://www.w3.org/2000/svg"
              >
                <path
                  clipRule="evenodd"
                  d="M4.293 4.293a1 1 0 011.414 0L10 8.586l4.293-4.293a1 1 0 111.414 1.414L11.414 10l4.293 4.293a1 1 0 01-1.414 1.414L10 11.414l-4.293 4.293a1 1 0 01-1.414-1.414L8.586 10 4.293 5.707a1 1 0 010-1.414z"
                  fillRule="evenodd"
                />
              </svg>
              <svg
                aria-hidden="true"
                className="h-8 w-8 text-gray-400"
                fill="currentColor"
                viewBox="0 0 20 20"
                xmlns="http://www.w3.org/2000/svg"
              >
                <path
                  clipRule="evenodd"
                  d="M5.293 7.293a1 1 0 011.414 0L10 10.586l3.293-3.293a1 1 0 111.414 1.414l-4 4a1 1 0 01-1.414 0l-4-4a1 1 0 010-1.414z"
                  fillRule="evenodd"
                />
              </svg>
            </span>
          </button>
        </div>
      </div>
      <hr
        className="border w-full"
      />
      <div
        className="py-8 px-10 mt-6 rounded-xl border"
      >
        <div
          className="flex -mx-3"
        >
          <div
            className="w-1/3 px-3 cursor-pointer"
            onClick={[Function]}
          >
            <div
              className="flex flex-col shadow-me rounded-lg p-3"
            >
              <p>
                Стандарт
              </p>
              <p
                className="text-xs"
              >
                Стоимость
              </p>
              <p
                className="text-2xl"
              >
                150 ₽
              </p>
              <img
                alt="car"
                className="w-full h-auto"
                src="car-standart.jpg"
              />
            </div>
          </div>
          <div
            className="opacity-50 w-1/3 px-3 cursor-pointer"
            onClick={[Function]}
          >
            <div
              className="flex flex-col shadow-me rounded-lg p-3"
            >
              <p>
                Стандарт
              </p>
              <p
                className="text-xs"
              >
                Стоимость
              </p>
              <p
                className="text-2xl"
              >
                200 ₽
              </p>
              <img
                alt="car"
                className="w-full h-auto"
                src="car-premium.jpg"
              />
            </div>
          </div>
          <div
            className="opacity-50 w-1/3 px-3 cursor-pointer"
            onClick={[Function]}
          >
            <div
              className="flex flex-col shadow-me rounded-lg p-3"
            >
              <p>
                Стандарт
              </p>
              <p
                className="text-xs"
              >
                Стоимость
              </p>
              <p
                className="text-2xl"
              >
                300 ₽
              </p>
              <img
                alt="car"
                className="w-full h-auto"
                src="car-business.jpg"
              />
            </div>
          </div>
        </div>
        <input
          name="car"
          type="hidden"
        />
        <button
          className="text-2xl py-4 w-full bg-yellow-me rounded-full mt-7 disabled:opacity-75"
          disabled={true}
          onClick={[Function]}
          type="submit"
        >
          Заказать
        </button>
      </div>
    </form>
    <div
      className="hidden max-w-[486px] w-full bg-white  mt-16 ml-24 rounded-xl shadow-lg py-10 px-11 pointer-events-auto"
    >
      <p
        className="font-bold text-4xl"
      >
        Заказ размещен
      </p>
      <p
        className="mt-4 text-lg text-gray-me"
      >
        Ваше такси уже едет к вам. Прибудет приблизительно через 10 минут.
      </p>
      <button
        className="text-2xl py-4 w-full bg-yellow-me rounded-full mt-7"
        onClick={[Function]}
        type="submit"
      >
        Сделать новый заказ
      </button>
    </div>
    <div
      className="hidden max-w-[486px] w-full bg-white  mt-16 ml-24 rounded-xl shadow-lg py-10 px-11 pointer-events-auto"
    >
      <p
        className="font-bold text-4xl"
      >
        Заполните платежные данные
      </p>
      <p
        className="mt-4 text-lg text-gray-me"
      >
        Укажите информацию о платежной карте что бы сделать заказ.
      </p>
      <button
        className="text-2xl py-4 w-full bg-yellow-me rounded-full mt-7"
        onClick={[Function]}
        type="submit"
      >
        Перейти в профиль
      </button>
    </div>
  </div>
</div>
`;
