// Jest Snapshot v1, https://goo.gl/fbAQLP

exports[`Renders correctly 1`] = `
<div
  className="container mx-auto flex h-screen bg-map bg-center"
>
  <div
    className="w-1/3 bg-black-me flex justify-center items-center"
  >
    <img
      alt="logo"
      className="logo-taxi-vertical"
      src="logo-taxi-vertical.svg"
    />
  </div>
  <div
    className="w-2/3 flex justify-center items-center"
  >
    <form
      autoComplete="off"
      className="max-w-xl w-full bg-white px-28 py-14 shadow-lg rounded-2xl"
      onSubmit={[Function]}
    >
      <h4
        className="font-bold text-3xl text-black text-center mb-14"
      >
        Войти
      </h4>
      <label
        className="flex flex-col justify-between font-bold cursor-pointer"
      >
        <span>
          Email*
        </span>
        <input
          autoComplete="off"
          className="mt-1 block w-full border-b-2 border-gray-300 shadow-sm focus:outline-none focus:border-yellow-me focus:ring-yellow-me focus:placeholder-yellow-me placeholder:text-gray-me"
          name="email"
          onChange={[Function]}
          placeholder="mail@mail.ru"
          required={true}
          type="email"
          value="test@test.com"
        />
      </label>
      <label
        className="flex flex-col justify-between font-bold cursor-pointer mt-6"
      >
        <span>
          Password*
        </span>
        <input
          autoComplete="off"
          className="mt-1 block w-full border-b-2 border-gray-300 shadow-sm focus:outline-none focus:border-yellow-me focus:ring-yellow-me focus:placeholder-yellow-me placeholder:text-gray-me"
          name="password"
          onChange={[Function]}
          placeholder="*************"
          required={true}
          type="password"
          value="123123"
        />
      </label>
      <p
        className="mt-3 text-right"
      >
        <span
          className="inline-block text-gray-me cursor-pointer hover:text-yellow-me"
        >
          Забыли пароль?
        </span>
      </p>
      <button
        className="block text-center cursor-pointer mt-11 bg-yellow-me w-full py-4 text-2xl rounded-full"
        type="submit"
      >
        Войти
      </button>
      <p
        className="mt-8 text-gray-me text-center"
      >
        Новый пользователь? 
        <span
          className="inline-block text-yellow-me cursor-pointer"
          onClick={[Function]}
        >
          Регистрация
        </span>
      </p>
    </form>
  </div>
</div>
`;
