// Jest Snapshot v1, https://goo.gl/fbAQLP

exports[`Renders correctly 1`] = `
<div
  className="bg-map bg-center h-full relative"
>
  <div
    className="absolute inset-0 bg-black-me opacity-30"
  />
  <div
    className="container mx-auto h-full"
  >
    <div
      className="flex justify-center items-center relative w-full h-full"
    >
      <div
        className="flex flex-wrap flex-col max-w-4xl w-full bg-white py-14 px-11 rounded-xl shadow-me-2"
      >
        <h4
          className="font-bold text-4xl text-center"
        >
          Профиль
        </h4>
        <p
          className="mt-3 text-lg text-gray-me text-center"
        >
          Введите платежные данные
        </p>
        <div
          className="mt-12 flex justify-between -mx-12"
        >
          <form
            className="flex flex-col w-1/2 px-12"
            id="formProfile"
            onSubmit={[Function]}
          >
            <label
              className="flex flex-col justify-between font-bold cursor-pointer"
            >
              <span>
                Имя владельца*
              </span>
              <input
                className="mt-1 block w-full border-b-2 border-gray-300 shadow-sm focus:outline-none focus:border-yellow-me focus:ring-yellow-me focus:placeholder-yellow-me placeholder:text-gray-me"
                name="cardName"
                onChange={[Function]}
                placeholder="Loft"
                required={true}
                type="text"
                value=""
              />
            </label>
            <label
              className="flex flex-col justify-between font-bold cursor-pointer mt-6"
            >
              <span>
                Номер карты*
              </span>
              <input
                className="mt-1 block w-full border-b-2 border-gray-300 shadow-sm focus:outline-none focus:border-yellow-me focus:ring-yellow-me focus:placeholder-yellow-me placeholder:text-gray-me"
                name="cardNumber"
                onChange={[Function]}
                placeholder="0000 0000 0000 0000"
                required={true}
                type="text"
                value=""
              />
            </label>
            <div
              className="flex justify-between"
            >
              <label
                className="flex flex-col justify-between font-bold cursor-pointer mt-6"
              >
                <span>
                  MM/YY*
                </span>
                <input
                  className="mt-1 block w-full border-b-2 border-gray-300 shadow-sm focus:outline-none focus:border-yellow-me focus:ring-yellow-me focus:placeholder-yellow-me placeholder:text-gray-me"
                  name="expiryDate"
                  onChange={[Function]}
                  placeholder="15/05/08"
                  required={true}
                  type="date"
                  value=""
                />
              </label>
              <label
                className="flex flex-col justify-between font-bold cursor-pointer mt-6"
              >
                <span>
                  CVC*
                </span>
                <input
                  className="mt-1 block w-full border-b-2 border-gray-300 shadow-sm focus:outline-none focus:border-yellow-me focus:ring-yellow-me focus:placeholder-yellow-me placeholder:text-gray-me"
                  max="999"
                  maxLength={3}
                  min="000"
                  name="cvc"
                  onChange={[Function]}
                  placeholder="667"
                  required={true}
                  type="number"
                  value=""
                />
              </label>
            </div>
          </form>
          <div
            className="flex flex-col w-1/2 px-12 justify-center"
          >
            <div
              className="bg-white px-7 py-5 rounded-xl shadow-me-3  h-48"
            >
              <div
                className="flex justify-between items-center"
              >
                <img
                  alt="mini-logo"
                  src="mini-logo.svg"
                />
                <span
                  className="text-xs"
                >
                  
                </span>
              </div>
              <p
                className="text-xl mt-7"
              >
                
              </p>
              <div
                className="flex justify-between items-center mt-9"
              >
                <div
                  className="flex items-center"
                >
                  <img
                    alt="vector"
                    src="vector.svg"
                  />
                  <span
                    className="ml-2"
                  >
                    
                  </span>
                </div>
                <img
                  alt="circle"
                  src="circle.svg"
                />
              </div>
            </div>
          </div>
        </div>
        <button
          className="w-1/3 bg-yellow-me text-xl py-5 mt-10 rounded-full self-center"
          form="formProfile"
          type="submit"
        >
          Сохранить
        </button>
      </div>
    </div>
  </div>
</div>
`;
