// Jest Snapshot v1, https://goo.gl/fbAQLP

exports[`Renders correctly 1`] = `
<div
  className="App sans antialiased"
>
  <main>
    <section
      className="bg-black-me"
    />
  </main>
</div>
`;
